// Jest Snapshot v1, https://goo.gl/fbAQLP

exports[`works 1`] = `
<App>
  <div>
    <h1 />
    <h2 />
    <Feedback
      currentCourse={Object {}}
    >
      <div>
        <h4>
          histogram
        </h4>
        <h4 />
        <h4>
          (
           ratings)
        </h4>
        <h4>
           students enrolled
        </h4>
      </div>
    </Feedback>
    <h4>
      Created by 
    </h4>
    <h4>
      Last Updated
       
      Invalid Date
    </h4>
    <h4>
      English
    </h4>
    <h4>
      Closed captioning
    </h4>
  </div>
</App>
`;
